// Jest Snapshot v1, https://goo.gl/fbAQLP

exports[`MovieCard tests MovieCard renders correctly 1`] = `
Object {
  "asFragment": [Function],
  "baseElement": <body
    style="overflow: initial;"
  >
    <div>
      <div
        class="sc-jcFkyM kSKNcR"
      >
        <div
          class="sc-cCcYRi hEvaZv"
        >
          <div
            class="sc-cidCJl gOhbOM"
          >
            <div
              class="sc-ikJzcn eUaIuh"
            >
              <img
                alt="dots"
                class="sc-gWXaA-D hhwFjC"
                src="test-file-stub"
              />
            </div>
            <img
              alt="New movie title"
              class="sc-jRQAMF dRupYH"
              src="https://m.media-amazon.com/images/M/MV5BOGYxYzZkMWQtNjJkMy00NTlkLWExNWMtOTNhMTg4MDcxNmU3XkEyXkFqcGdeQXVyMDk5Mzc5MQ@@._V1_.jpg"
            />
          </div>
          <div
            class="sc-bdvvaa hBHiVW"
          >
            <div
              class="sc-gsDJrp"
            >
              <h3
                class="sc-hKwCoD"
              >
                New movie title
              </h3>
              <p
                class="sc-eCImvq kodcFI"
              >
                comedy, science
              </p>
            </div>
            <div
              class="sc-dkPtyc eCETnk"
            >
              2020.02.21
            </div>
          </div>
        </div>
      </div>
    </div>
  </body>,
  "container": <div>
    <div
      class="sc-jcFkyM kSKNcR"
    >
      <div
        class="sc-cCcYRi hEvaZv"
      >
        <div
          class="sc-cidCJl gOhbOM"
        >
          <div
            class="sc-ikJzcn eUaIuh"
          >
            <img
              alt="dots"
              class="sc-gWXaA-D hhwFjC"
              src="test-file-stub"
            />
          </div>
          <img
            alt="New movie title"
            class="sc-jRQAMF dRupYH"
            src="https://m.media-amazon.com/images/M/MV5BOGYxYzZkMWQtNjJkMy00NTlkLWExNWMtOTNhMTg4MDcxNmU3XkEyXkFqcGdeQXVyMDk5Mzc5MQ@@._V1_.jpg"
          />
        </div>
        <div
          class="sc-bdvvaa hBHiVW"
        >
          <div
            class="sc-gsDJrp"
          >
            <h3
              class="sc-hKwCoD"
            >
              New movie title
            </h3>
            <p
              class="sc-eCImvq kodcFI"
            >
              comedy, science
            </p>
          </div>
          <div
            class="sc-dkPtyc eCETnk"
          >
            2020.02.21
          </div>
        </div>
      </div>
    </div>
  </div>,
  "debug": [Function],
  "findAllByAltText": [Function],
  "findAllByDisplayValue": [Function],
  "findAllByLabelText": [Function],
  "findAllByPlaceholderText": [Function],
  "findAllByRole": [Function],
  "findAllByTestId": [Function],
  "findAllByText": [Function],
  "findAllByTitle": [Function],
  "findByAltText": [Function],
  "findByDisplayValue": [Function],
  "findByLabelText": [Function],
  "findByPlaceholderText": [Function],
  "findByRole": [Function],
  "findByTestId": [Function],
  "findByText": [Function],
  "findByTitle": [Function],
  "getAllByAltText": [Function],
  "getAllByDisplayValue": [Function],
  "getAllByLabelText": [Function],
  "getAllByPlaceholderText": [Function],
  "getAllByRole": [Function],
  "getAllByTestId": [Function],
  "getAllByText": [Function],
  "getAllByTitle": [Function],
  "getByAltText": [Function],
  "getByDisplayValue": [Function],
  "getByLabelText": [Function],
  "getByPlaceholderText": [Function],
  "getByRole": [Function],
  "getByTestId": [Function],
  "getByText": [Function],
  "getByTitle": [Function],
  "queryAllByAltText": [Function],
  "queryAllByDisplayValue": [Function],
  "queryAllByLabelText": [Function],
  "queryAllByPlaceholderText": [Function],
  "queryAllByRole": [Function],
  "queryAllByTestId": [Function],
  "queryAllByText": [Function],
  "queryAllByTitle": [Function],
  "queryByAltText": [Function],
  "queryByDisplayValue": [Function],
  "queryByLabelText": [Function],
  "queryByPlaceholderText": [Function],
  "queryByRole": [Function],
  "queryByTestId": [Function],
  "queryByText": [Function],
  "queryByTitle": [Function],
  "rerender": [Function],
  "unmount": [Function],
}
`;
